// Jest Snapshot v1, https://goo.gl/fbAQLP

exports[`it renders the Header 1`] = `
<header
  className="sc-bdVaJa gTrShL"
>
  A simple app using the
   
  <a
    className="sc-bwzfXH uTxCW"
    href="https://pixabay.com/api/docs/"
  >
    pixabay API
  </a>
</header>
`;
